Abdômen agudo
Aborto espontâneo
Aborto habitual
Abrasão dentária
Abscesso
Abscesso amebiano
Abscesso de Bezold
Abscesso peritonsilar
Abscesso pulmonar
Acalasia
Acalvaria
Acantose nigricans
Acatalasia
Acatisia
Acefalia
Aceruloplasminemia
Acidente de automóvel
Acidente vascular cerebral
Acidose
Acidose de ânion gap normal
Acidose láctica
Acidose metabólica
Acidose respiratória
Acidose tubular renal
Acne
Acondroplasia
Acrocianose
Acromatopsia
Acromegalia
Actinomicose
Adenocarcinoma
Adenoma
Adenoma pleomórfico
Adenomiose
Adrenoleucodistrofia
Aeroembolismo
Afacia
Afasia
Afasia de Wernicke
Afogamento
Afta
Agenesia de corpo caloso
Agnosia
Agorafobia
Agrafia
Agranulocitose
Agressão sexual
Albinismo
Alcalose
Alcalose metabólica
Alcalose respiratória
Alcaptonúria
Alcoolismo
Alergia
Alergia alimentar
Alexia (linguagem)
Alfafetoproteína
Alopécia
Alopecia total
Alopecia universalis
Alucinação
Ambliopia
Amelia (doença)
Ameloblastoma
Amenorreia
Ametropia
Amiloidose
Amiotrofia muscular espinhal
Amnésia
Anafilaxia
Anel de Kayser-Fleischer
Anemia
Anemia aplástica
Anemia de Fanconi
Anemia falciforme
Anemia ferropriva
Anemia hemolítica
Anemia hemolítica autoimune
Anemia megaloblástica
Anemia perniciosa
Anemia sideroblástica
Anencefalia
Aneuploidia
Aneurisma
Aneurisma cerebral
Aneurisma da aorta
Angina
Angina de Ludwig
Angina de Prinzmetal
Angioma
Angiomiolipoma
Anidrose
Aniridia
Aniseiconia
Anisocitose
Anisocoria
Anisometropia
Anodontia
Anomalia de Ebstein
Anorexia nervosa
Anorgasmia
Anovulação
Anquilose
Ansiedade
Antropofobia
Apendicite
Apneia do sono
Apraxia
Arbovirose
Arco senil
Argiria
Ariboflavinose
Arritmia cardíaca
Arteriosclerose
Arterite
Arterite de Takayasu
Arterite temporal
Artralgia
Artrite
Artrite psoriática
Artrite reativa
Artrite reumatoide
Artrite séptica
Artropatia
Artropatia por deposição de cristais
Asbestose
Ascaridíase
Ascite
Asfixia
Asma
Aspergilose
Asplenia
Astenopia
Astenozoospermia
Asteríxis
Astigmatismo
Astrocitoma
Ataque de pânico
Ataxia de Friedreich
Atelectasia
Ateroma
Aterosclerose
Atopia
Atresia
Atresia biliar
Atresia da válvula tricúspide
Atresia intestinal
Atrofia
Atrofia óptica
Aura (medicina)
Ausência congênita do rádio
Autismo
Autoimunidade
Automutilação
Avitaminose
Azoospermia
Azotemia
Baço acessório
Bacteremia
Baixa visão
Baragnose
Barotrauma
Bartholinite
Beribéri
Bexiga neurogênica
Bezoar
Bissinose
Blastomicose
Blefarite
Blefarofimose
Bloqueio de ramo
Bloqueio do ramo direito do feixe de His
Bloqueio do ramo esquerdo do feixe de His
Bócio
Bócio multinodular tóxico
Botulismo
Bouba
Braquicefalia
Braquidactilia
Broncopneumonia
Bronquiectasia
Bronquite
Brucelose
Bruit
Bruxismo
Bulimia nervosa
Bursite
Calázio
Calcinose
Cálculo renal
Calo
Calvície
Câncer anal
Câncer cervical
Câncer colorretal
Câncer colorretal hereditário sem polipose
Câncer de bexiga
Câncer de boca
Câncer de fígado
Câncer de mama
Câncer de pele
Câncer de pênis
Câncer de próstata
Câncer de pulmão
Câncer de vesícula biliar
Câncer endometrial
Câncer esofágico
Câncer ovariano
Câncer pancreático
Câncer testicular
Câncer vulvar
Cancro (tumor)
Cancro do estômago
Cancro do útero
Cancro mole
Candidíase
Canelite
Carbúnculo
Carcinoma
Carcinoma basocelular
Carcinoma de células renais
Carcinoma in situ
Carcinoma mucoepidermóide
Carcinossarcoma
Cardiomegalia
Cardiomiopatia dilatada
Cardiomiopatia hipertrófica
Cardiomiopatia restritiva
Cardiopatia
Cardiopatia congênita
Cárie dentária
Catalepsia patológica
Cataplexia
Catarata
Catatonia
Cefaléia em salvas
Cefaleia orgástica
Cegueira
Cegueira da neve
Celulite
Celulite (infecção)
Cementoblastoma
Ceratite
Ceratocisto odontogênico
Ceratocone
Ceratose seborreica
Cervicite
Cetoacidose
Cetoacidose diabética
Cetonúria
Cetose
Choque cardiogênico
Choque circulatório
Choque séptico
Ciática
Ciclopia
Ciclotimia
Cifose
Ciguatera
Cinetose
Cirrose biliar primária
Cirrose hepática
Cistite
Cisto
Cisto aracnoide
Cisto colóide
Cisto de Baker
Cisto dermóide
Cisto ovariano
Cisto pilonidal
Cisto sebáceo
Cisto sinovial
Cisto tireoglosso
Cistos coledocianos
Citomegalovírus
Clamídia
Classificação de Salter-Harris
Claudicação
Claudicação intermitente
Cleptomania
Clitoromegalia
Coagulação intravascular disseminada
Coccidínia
Coccidioidomicose
Colangite
Colangite ascendente
Colecistite
Coledocolitíase
Colelitíase
Cólera
Colestase
Colesteatoma
Cólica
Colite
Colite pseudomembranosa
Colite ulcerosa
Coloboma
Coma diabético
Concussão (medicina)
Condição pré-maligna
Condrocalcinose
Condromalácia patelar
Condropatia
Condrossarcoma
Conjuntivite
Contratura
Contratura de Dupuytren
Contratura de Volkmann
Contusão muscular
Convulsão
Coproporfiria hereditária
Cor pulmonale
Cordoma
Coreia de Sydenham
Corioamnionite
Coriocarcinoma
Corioretinite
Craniossinostose
Cretinismo
Crioglobulinemia
Criptococose
Criptorquia
Crise psicogênica não-epilética
Cromossomo Filadélfia
Cyclopia
Cyclospora cayetanensis
Dacriocistite
Daltonismo
Dedo da mão em martelo
Dedo do pé em martelo
Dedo em gatilho
Defeito cardíaco congênito
Deficiência auditiva
Deficiência de ALA dehidratase
Deficiência de alfa-1-antitripsina
Deficiência de antitrombina III
Deficiência de biotina
Deficiência de cromo
Deficiência de ferro
Deficiência de folato
Deficiência de fosfofrutoquinase
Deficiência de magnésio
Deficiência de piridoxina
Deficiência de triose-fosfato isomerase
Deficiência de vitamina A
Deficiência de vitamina B12
Deficiência de zinco
Deficiência do hormônio do crescimento
Deficiência em glucose-6-fosfato desidrogenase
Deficiência mental
Deformidade em botoeira
Degeneração espinocerebelar
Degeneração macular
Degenerescência macular relacionada à idade
Delírio (juízo)
Delirium
Delirium tremens
Demência
Demência com corpos de Lewy
Dente hipoplásico de Turner
Dentinogênese imperfeita
Depressão nervosa
Depressão pós-parto
Dermatite
Dermatite atópica
Dermatite herpetiforme
Dermatite seborreica
Dermatofitose
Dermatomiosite
Dermografismo
Derrame pleural
Desastre de Minamata
Descolamento de retina
Descolamento prematuro da placenta
Desequilíbrio ácido-básico
Desidratação
Desnutrição
Desvio de septo nasal
Dextrocardia
Diabetes gestacional
Diabetes insipidus
Diabetes mellitus
Diabetes mellitus tipo 1
Diátese hemorrágica
Dificuldades de aprendizagem
Difilobotríase
Difteria
Diplopia
Disartria
Disbarismo
Discalculia
Discinesia
Discinesia tardia
Disenteria
Disenteria bacteriana
Disfemia
Disfonia
Disfrenia tardia
Disfunção alimentar
Disfunção erétil
Disfunção sexual
Disfunção temporomandibular e dor orofacial
Disgenesia gonadal
Disgenesia gonadal mista
Disidrose
Dislipidemia
Dismenorreia
Dismorfofobia
Dispareunia
Dispepsia
Displasia dentinária
Displasia fibrosa
Dispneia paroxística noturna
Dissecção da aorta
Dissomia uniparental
Distensão
Distimia
Distocia
Distocia de ombro
Distonia
Distrofia de Fuchs
Distrofia muscular progressiva
Distúrbio da fala
Distúrbio eletrolítico
Diverticulite
Divertículo
Divertículo de Meckel
Divertículo de Zenker
Diverticulose
Doença cardiovascular
Doença celíaca
Doença cerebrovascular
Doença congênita
Doença da urina em xarope de ácer
Doença de Addison
Doença de Batten
Doença de Behçet
Doença de Canavan
Doença de Chagas
Doença de Charcot-Marie-Tooth
Doença de Coats
Doença de Creutzfeldt-Jakob
Doença de Crohn
Doença de Darier
Doença de descompressão
Doença de Erdheim-Chester
Doença de Fabry
Doença de Fox-Fordyce
Doença de Gaucher
Doença de Graves
Doença de Hirschsprung
Doença de Huntington
Doença de Kienböck
Doença de Köhler
Doença de lesão mínima
Doença de Lyme
Doença de Menkes
Doença de Ollier
Doença de Paget da mama
Doença de Paget do osso
Doença de Parkinson
Doença de Peyronie
Doença de Pick
Doença de refluxo gastroesofágico
Doença de Rosai Dorfman
Doença de Scheuermann
Doença de Stargardt
Doença de Still do adulto
Doença de Tay-Sachs
Doença de Von Gierke
Doença de Von Willebrand
Doença de Whipple
Doença de Wilson
Doença degenerativa
Doença desmielinizante
Doença do enxerto contra hospedeiro
Doença do legionário
Doença do rim policístico
Doença do sono
Doença granulomatosa crónica
Doença hepática alcoólica
Doença hepática gordurosa não alcoólica
Doença inflamatória intestinal
Doença inflamatória pélvica
Doença mental
Doença não-transmissível
Doença ocupacional
Doença oportunista
Doença periodontal
Doença pulmonar obstrutiva crônica
Doença sexualmente transmissível
Doença terminal
Doenças negligenciadas
Donovanose
Dor do membro fantasma
Dorsalgia
Dorsopatia
Dracunculíase
Duodenite
Eclampsia
Ectrodactilia
Eczema
Edema cerebral
Edema macular
Edema pulmonar
Efeito Paul Bert
Ejaculação precoce
Ejaculação retrógrada
Embolia
Embolia amniótica
Embolia gordurosa
Embolia pulmonar
Empiema
Empiema pleural
Encefalite
Encefalite letárgica
Encefalocele
Encefalopatia
Encefalopatia de Wernicke
Encefalopatia hepática
Encondroma
Encoprese
Endocardite
Endocardite de Libman-Sacks
Endometriose
Enfisema
Engasgo
Enoftalmia
Enterite
Enterocolite
Entorse
Enxaqueca
Eosinofilia
Epicondilite
Epicondilite lateral
Epicondilite medial
Epidemodisplasia verruciforme
Epididimite
Epiglotite
Epilepsia
Epispádia
Epistaxe
Epitrocleite
Equimose
Equinococose
Ergotismo
Erisipela
Eritema
Eritema induratum
Eritema infeccioso
Eritema multiforme
Eritema nodoso
Eritroblastose fetal
Erliquiose
Erosão dentária
Erros metabólicos hereditários
Escafocefalia
Escara
Escarlatina
Escarro
Esclerite
Escleroderma
Esclerose lateral amiotrófica
Esclerose múltipla
Esclerose tuberosa
Escoliose
Escorbuto
Escotoma
Escrófula
Esferocitose hereditária
Esofagite
Esôfago de Barrett
Espinha bífida
Esplenomegalia
Espondilite anquilosante
Espondilolistese
Espondilopatia
Espondilose
Esquistossomose
Esquizencefalia
Esquizofrenia
Esteatorreia
Estenose
Estenose aórtica
Estenose espinhal
Estenose mitral
Estenose pilórica
Estenose uretral
Estesioneuroblastoma
Estomatite
Estrabismo
Estria
Estrongiloidíase
Estupro
Exantema
Exoftalmia
Exostose
Extrofia da bexiga
Falso trabalho de parto
Faringite
Fasciite necrosante
Fasciolíase
Fascite plantar
Febre aftosa
Febre amarela
Febre maculosa
Febre paratifoide
Febre purpúrica brasileira
Febre Q
Febre reumática
Febre tifoide
Fecaloma (doença)
Fenilcetonúria
Fenômeno de Raynaud
Feocromocitoma
Ferida
Fetichismo
Fibrilação auricular
Fibrilhação ventricular
Fibroadenoma
Fibroma
Fibromialgia
Fibrose
Fibrose cística
Fígado gorduroso
Filaríase
Fimose
Fisioterapia
Fissura anal
Fístula
Fístula do labirinto
Fístula obstétrica
Flebite
Flutter atrial
Fobia específica
Fobia social
Focomelia
Foliculite
Fonofobia
Fotofobia
Fratura de clavícula
Fratura de Colles
Fratura de Galeazzi
Fratura de Monteggia
Fratura de Smith
Fratura do escafoide
Fratura óssea
Fratura peniana
Frênulo curto
Frigidez
Fungemia
Furúnculo
Galactocele
Galactorreia
Galactosemia
Gangrena
Gangrena gasosa
Gastrite
Gastroenterite
Gastroptose
Gastrosquise
Gêmeos xifópagos
Gengivite
Giardiose
Gigantismo pituitário
Ginecomastia
Glaucoma
Glicemia de jejum alterada
Glicogenose
Glioblastoma multiforme
Glioma
Glomeruloesclerose segmentar e focal
Glomerulonefrite
Glomerulonefrite membranoproliferativa
Glomerulonefrite pós-estreptocócica
Glomerulonefrite rapidamente progressiva
Glossodínia
Gonorreia
Gota (doença)
Granuloma
Granulomatose de Wegener
Gravidez ectópica
Gravidez humana
Gripe
Hallux valgus
Hamartoma
Hemangioma
Hemartrose
Hematemese
Hematidrose
Hematoma
Hematometra
Hematoquezia
Hematúria
Hemeralopia
Hemibalismo
Hemiparesia
Hemiplegia
Hemofilia
Hemofilia A
Hemofilia B
Hemofilia C
Hemoglobinopatia
Hemoglobinúria paroxística noturna
Hemorragia
Hemorragia retinal
Hemorragia subconjuntival
Hemorroida
Hemospermia
Hemossiderose
Hemotórax
Hepatite
Hepatite A
Hepatite autoimune
Hepatite C
Hepatite E
Hepatoblastoma
Hepatocarcinoma
Hepatoesplenomegalia
Hérnia
Hérnia abdominal
Hérnia de disco
Hérnia de hiato
Hérnia inguinal
Hérnia inguinal direta
Hérnia inguinal indireta
Herpangina
Herpes
Herpes-zóster
Heterocromia
Hidranencefalia
Hidrocefalia
Hidrocele testicular
Hidronefrose
Hifema
Hiperacusia
Hiperaldosteronismo
Hiperamonemia
Hipercalcemia
Hipercaliémia
Hipercapnia
Hipercloremia
Hipercolesterolemia
Hiperdontia
Hiperêmese gravídica
Hiperestesia
Hiperfosfatemia
Hiperglicemia
Hiperidrose
Hiperinsulinismo
Hipermetropia
Hipermobilidade
Hipernatremia
Hiperparatiroidismo
Hiperplasia
Hiperplasia adrenal congênita
Hiperplasia prostática benigna
Hiperprolactinemia
Hipersensibilidade
Hipertensão arterial
Hipertensão gestacional
Hipertensão intracraniana idiopática
Hipertensão maligna
Hipertensão ocular
Hipertensão portal
Hipertensão pulmonar
Hipertermia maligna
Hipertiroidismo
Hipertonia
Hipertricose
Hipertrigliceridemia
Hipertrofia
Hipertrofia ventricular
Hiperuricemia
Hipervitaminose
Hipervitaminose A
Hipervitaminose D
Hipervolemia
Hipoalbuminemia
Hipocalcémia
Hipocaliémia
Hipocondria
Hipodontia
Hipoglicemia
Hipoglicemia diabética
Hipoglicemia reativa
Hipogonadismo
Hipomagnesemia
Hipomania
Hiponatremia
Hipopituitarismo
Hipoplasia
Hipospádia
Hipotensão
Hipotermia
Hipotiroidismo
Hipotonia
Hipovolemia
Hipóxia cerebral
Hirsutismo
Histoplasmose
Holoprosencefalia
Hordéolo
Hymenolepis nana
Icterícia
Ictiose
Ictiose arlequim
Idealização suicida
Íleo paralítico
Impetigo
Imunodeficiência
Inanição
Incontinência urinária
Infarto agudo do miocárdio
Infecção do trato respiratório superior
Infecção do trato urinário
Infertilidade
Iniencefalia
Insensibilidade congênita à dor
Insolação
Insônia
Insônia familiar fatal
Insuficiência aórtica
Insuficiência cardíaca
Insuficiência hepática
Insuficiência renal
Insuficiência renal crônica
Insulinoma
Intolerância à lactose
Intoxicação
Irritabilidade
Isosporíase
Jet lag
Joelho valgo
Kuru
Kwashiorkor
Lábio leporino
Labirintite
Lagoftalmo
Laringite
Laringotraqueobronquite
Larva migrans
Larva migrans visceral
Leiomioma
Leishmaniose
Leishmaniose cutânea
Leishmaniose visceral
Lepra
Leptospirose
Lesão da medula espinhal
Lesão do plexo braquial
Lesão por esforço repetitivo
Leucemia
Leucemia agressiva células NK
Leucemia aguda bifenotípica
Leucemia linfocítica granular T
Leucemia linfoide
Leucemia linfoide aguda
Leucemia linfoide crônica
Leucemia mieloblástica aguda com maturação
Leucemia mieloblástica aguda sem maturação
Leucemia mieloide
Leucemia mieloide aguda
Leucemia mieloide crônica
Leucemia mielomonocítica aguda
Leucemia monoblástica aguda
Leucemia pró-linfocítica B
Leucemia pró-linfocítica T
Leucemia promielocítica aguda
Leucemia/linfoma de células T do adulto
Leucemias de células B
Leucemias de células T
Leucocitose
Leucodistrofia
Leucopenia
Leucoplasia
Leucoplasia pilosa
Leucorreia
Linfangioma
Linfedema
Linfocitose
Linfogranuloma venéreo
Linfoma
Linfoma de Burkitt
Linfoma de Hodgkin
Linfoma não-Hodgkin
Língua fissurada
Língua geográfica
Língua negra pilosa
Linite plástica
Lipidose
Lipoma
Líquen plano
Lisencefalia
Listeriose
Litíase
Lordose
Ludopatia
Lúpus eritematoso induzido por drogas
Lúpus eritematoso sistêmico
Lupus vulgaris
Luxação
Luxação do ombro
Macrocefalia (medicina)
Macrodontia
Macroglossia
Macrostomia
Mal de Alzheimer
Mal de Pott
Malária
Malformação arteriovenosa
Mancha café com leite
Manchas de Bitot
Mania
Marasmo
Más-formações cefálicas congênitas
Mastite
Mastodinia
Mastoidite
Mediastinite
Megacólon
Megaloencefalia
Melanoma
Melanoma maligno
Melasma
Melena
Melioidose
Membrana interdigital
Meningioma
Meningismo
Meningite
Meningococcemia
Menorragia
Mesotelioma
Meta-hemoglobinemia
Metaplasia
Metástase
Metatarsalgia
Metrorragia
Mialgia
Miastenia grave
Micetoma
Micose
Micose fungóide
Microcefalia
Microdontia
Micrognatismo
Micropênis
Midríase
Mielite Transversa
Mieloma múltiplo
Miíase
Miocardiopatia
Miocardite
Mioclonia
Mioma (doença)
Miopatia
Miopatia nemalínica
Miopia
Miose
Miosite
Mittelschmerz
Mixedema
Mola hidatiforme
Molusco contagioso
Monoartrite
Mononucleose infecciosa
Monossomia
Mormo
Morte cerebral
Moscas volantes
Mucocele
Mucopolissacaridose
Mucormicose
Mutismo seletivo
Nanismo
Narcolepsia
Narcose por nitrogênio
Natimorto
Necrose avascular
Necrose das papilas renais
Nefrite
Nefrite lúpica
Nefroblastoma
Nefropatia
Nefropatia diabética
Nefropatia membranosa
Nefropatia por IgA
Nefroptose
Negligência unilateral
Neoplasia trofoblástica
Neuralgia do trigêmeo
Neurite óptica
Neuroblastoma
Neurocisticercose
Neurofibromatose tipo I
Neuronite vestibular
Neuropatia
Neuropatia óptica hereditária de Leber
Neutrofilia
Neutropenia
Nevo
Nevralgia
Nictalopia
Noctúria
Nódulo
Nódulo de Bouchard
Nódulo de Heberden
Nódulo de Schmorl
Noma
Nosofobia
Nosologia
Obesidade
Obesidade infantil
Obstrução intestinal
Octocefalia
Odinofagia
Odor corporal
Oligoastrocitoma
Oligohidrâmnio
Oligospermia
Oncocercose
Oncocitoma
Ornitose
Orquite
Osteoartrite
Osteoblastoma
Osteocondrite
Osteocondrite dissecante
Osteocondroma
Osteófito
Osteogénese imperfeita
Osteoma
Osteoma osteoide
Osteomalacia
Osteomielite
Osteopenia
Osteoporose
Osteosclerose
Osteossarcoma
Otite externa
Otite média
Otosclerose
Ovarite
Overdose
Oxicefalia
Pagofagia
Pancitopenia
Pancreatite
Pancreatite aguda
Pancreatite crônica
Pancreatite hereditária
Pandemia de gripe A de 2009
Paniculite
Panículo adiposo
Papiledema
Papiloma
Papilomatose respiratória
Paracoccidioidomicose
Parada cardiorrespiratória
Parafilia
Paralisia bulbar
Paralisia cerebral
Paralisia de Bell
Paralisia de Erb
Paralisia de Klumpke
Paralisia facial
Paranoia
Paraplegia
Parassonia
Paresia
Parestesia
Parkinsonismo
Parotidite
Parotidite infecciosa
Parto pré-termo
Pé cavo
Pé chato
Pé torto
Pectus carinatum
Pectus excavatum
Pediculose
Pelagra
Pênfigo
Perda auditiva condutiva
Perda de audição neurossensorial
Perda de peso
Perfuração da membrana do tímpano
Pericardite
Periostite
Peritonite
Peritonite bacteriana espontânea
Pertússis
Peste bubônica
Pica (transtorno)
Piedra preta
Pielonefrite
Pinguécula
Piolho do púbis
Piromania
Pitiríase rósea
Pitiríase versicolor
Placenta acreta
Placenta prévia
Plagiocefalia
Pleurisia
Pneumocistose
Pneumonia
Pneumonia eosinofílica
Pneumonia viral
Pneumoperitônio
Pneumotórax
Pneumoultramicroscopicossilicovulcanoconiose
Poiquilocitose
Poliangiite microscópica
Poliarterite nodosa
Poliartrite
Policitemia vera
Polidactilia
Polifagia
Poliglobulia
Polihidrâmnio
Polimiosite
Polineuropatia
Poliomielite
Pólipo (medicina)
Pólipo nasal
Polipose adenomatosa familiar
Porencefalia
Porfiria
Porfiria aguda intermitente
Porfiria cutânea tarda
Porfiria eritropoiética
Porfiria hepática
Porfiria hepatoeritropoiética
Porfiria variegata
Pós-pólio
Post SSRI Sexual Dysfunction
Pré-eclampsia
Presbiacusia
Presbiopia
Priapismo
Primigesta
Príon
Proctite
Progeria
Prognatismo
Prognatismo mandibular
Prolactinoma
Prolapso de valva mitral
Prosopagnosia
Prostatite
Protoporfiria eritropoiética
Prurido
Prurido anal
Pseudoartrose
Pseudofolliculitis barbae
Pseudo-hermafroditismo
Psicastenia
Psicose
Psicossomática
Psitacose
Psoríase
Pterígio
Ptose
Puberdade atrasada
Puberdade precoce
Pulpite
Pupila de Argyll Robertson
Púrpura (sintoma)
Púrpura de Henoch-Schönlein
Púrpura trombocitopênica idiopática
Púrpura trombocitopênica trombótica
Quadrantanopia
Queimadura
Queimadura solar
Quelite angular
Queloide
Querubismo
Quilotórax
Rabdomiólise
Raiva (doença)
Rânula
Raquitismo
Regulagem da glicemia
Regurgitação mitral
Rejeição de transplante
Resfriado
Resistência à insulina
Ressaca
Retardo mental
Retinite
Retinite pigmentosa
Retinite por citomegalovírus
Retinoblastoma
Retinopatia
Retinopatia diabética
Retinopatia hipertensiva
Retrognatismo
Reumatismo
Rinite
Rinorreia
Rinotilexomania
Rosácea (doença)
Roséola
Rubéola
Ruptura prematura de membranas
Sacroileíte
Salmonelose
Salpingite
Sangue oculto nas fezes
Sarampo
Sarcoidose
Sarcoma
Sarcoma de Ewing
Sarcoma de Kaposi
Sarcoptes scabiei
Sarna
Saturnismo
Seios de Rokitansky-Aschoff
Seminoma
Sepse
Sialadenite
Sialolitíase
Siderose
Sífilis
Sigmatismo
Silicose
Sinal de Tinel
Sindactilia
Síndrome compartimental
Síndrome Coronariana Aguda
Síndrome CREST
Síndrome cri-du-chat
Síndrome da angústia respiratória do recém-nascido
Síndrome da cauda equina
Síndrome da fadiga crônica
Síndrome da Guerra do Golfo
Síndrome da imunodeficiência adquirida
Síndrome da lise tumoral
Síndrome da resposta inflamatória sistêmica
Síndrome da sela vazia
Síndrome da serotonina
Síndrome da veia cava superior
Síndrome das pernas inquietas
Síndrome de Aarskog
Síndrome de Aase
Síndrome de Abderhalden-Kaufmann-Lignac
Síndrome de abstinência
Síndrome de Adams-Stokes
Síndrome de Adie
Síndrome de Aicardi
Síndrome de Alagille
Síndrome de Alpers
Síndrome de Alport
Síndrome de Alstrom
Síndrome de Angelman
Síndrome de Apert
Síndrome de Arnold-Chiari
Síndrome de Asherman
Síndrome de Asperger
Síndrome de Bardet-Biedl
Síndrome de Bartter
Síndrome de Bassen-Kornzweig
Síndrome de Bernard-Soulier
Síndrome de Boerhaave
Síndrome de Brown-Séquard
Síndrome de Brugada
Síndrome de Budd-Chiari
Síndrome de Burnout
Síndrome de Capgras
Síndrome de Charles Bonnet
Síndrome de Chediak-Higashi
Síndrome de Churg-Strauss
Síndrome de Cockayne
Síndrome de colisão do ombro
Síndrome de Conn
Síndrome de Crouzon
Síndrome de Dandy-Walker
Síndrome de De Quervain
Síndrome de DiGeorge
Síndrome de disfunção múltipla de órgãos
Síndrome de Down
Síndrome de Dressler
Síndrome de Dubin-Johnson
Síndrome de dumping
Síndrome de Edwards
Síndrome de Ehlers-Danlos
Síndrome de Ellis-Van Creveld
Síndrome de Fanconi
Síndrome de Felty
Síndrome de Gardner
Síndrome de Gerstmann-Sträussler-Scheinker
Síndrome de Gilbert
Síndrome de Goltz
Síndrome de Goodpasture
Síndrome de Gradenigo
Síndrome de Guillain-Barré
Síndrome de Hamman-Rich
Síndrome de Hiper IgE
Síndrome de hiperestimulação ovariana
Síndrome de Horner
Síndrome de Hurler
Síndrome de Kallmann
Síndrome de Kartagener
Síndrome de Kawasaki
Síndrome de Klinefelter
Síndrome de Klippel-Feil
Síndrome de Klüver-Bucy
Síndrome de Korsakoff
Síndrome de Legg-Calvé-Perthes
Síndrome de Leigh
Síndrome de Lennox-Gastaut
Síndrome de Liddle
Síndrome de Li-Fraumeni
Síndrome de Lowe
Síndrome de Maffucci
Síndrome de Mallory-Weiss
Síndrome de Marfan
Síndrome de Mayer-Rokitansky-Kuster-Hauser
Síndrome de McCune-Albright
Síndrome de Melkersson-Rosenthal
Síndrome de Mendelson
Síndrome de Ménière
Síndrome de Miller-Dieker
Síndrome de Mirizzi
Síndrome de Moebius
Síndrome de morte súbita infantil
Síndrome de Münchhausen
Síndrome de Nagali
Síndrome de Osgood-Schlatter
Síndrome de Papillon-Lefevre
Síndrome de Patau
Síndrome de Pierre Robin
Síndrome de Prader-Willi
Síndrome de Proteus
Síndrome de Rasmussen
Síndrome de Rett
Síndrome de Reye
Síndrome de SAPHO
Síndrome de Sézary
Síndrome de Sheehan
Síndrome de Sjögren
Síndrome de Sjögren-Larsson
Síndrome de Sotos
Síndrome de Stauffer
Síndrome de Stickler
Síndrome de Sturge-Weber
Síndrome de Tietze
Síndrome de Tolosa-Hunt
Síndrome de Tourette
Síndrome de Treacher Collins
Síndrome de Triplo X
Síndrome de Turner
Síndrome de Usher
Síndrome de Von Hippel-Lindau
Síndrome de Waardenburg
Síndrome de Warkany
Síndrome de Weber
Síndrome de Wernicke-Korsakoff
Síndrome de West
Síndrome de Williams
Síndrome de Wiskott-Aldrich
Síndrome de Wolff-Parkinson-White
Síndrome de Wolfram
Síndrome de Zellweger
Síndrome de Zellwegger
Síndrome de Zollinger-Ellison
Síndrome do alcoolismo fetal
Síndrome do anticorpo antifosfolipídeo
Síndrome do bebê cinzento
Síndrome do choque tóxico
Síndrome do cólon irritável
Síndrome do desconforto respiratório do adulto
Síndrome do desfiladeiro torácico
Síndrome do encarceramento
Síndrome do óleo tóxico
Síndrome do olho de gato
Síndrome do olho seco
Síndrome do ovário policístico
Síndrome do QT longo
Síndrome do quebra-nozes
Síndrome do túnel carpal
Síndrome do túnel tarsal
Síndrome do X frágil
Síndrome HELLP
Síndrome hemolítico-urêmica
Síndrome medular central
Síndrome metabólica
Síndrome miastênica de Lambert-Eaton
Síndrome mielodisplásica
Síndrome nefrítica
Síndrome nefrótica
Síndrome paraneoplásica
Síndrome respiratória aguda grave
Síndrome XXXX
Síndrome XXXXX
Síndrome XXXXY
Síndrome XYY
Sinequia
Sinusite
Sirenomelia
Siringomielia
Sofrimento fetal
Sudor anglicus
Suicídio
Surdez
Tabagismo e saúde
Tabes dorsalis
Talassemia
Tamponamento cardíaco
Taquicardia sinusal
Taurodontismo
Telangiectasia
Teníase
Tenossinovite
Tensão pré-menstrual
Teratoma
Terror noturno
Tétano
Tetralogia de Fallot
Tetraplegia
Tifo epidémico
Timoma
Tinea nigra
Tique
Tireoidite
Tireoidite de De Quervain
Tiroidite de Hashimoto
Tirosinemia
Tonsilite
Torção testicular
Torcicolo (medicina)
Tórus mandibular
Tórus palatino
Toxocaríase
Toxoplasmose
Tracoma
Transtorno bipolar
Transtorno da ansiedade
Transtorno de ansiedade generalizada
Transtorno de estresse pós-traumático
Transtorno de identidade de gênero
Transtorno de personalidade
Transtorno de personalidade antissocial
Transtorno de personalidade dependente
Transtorno de personalidade esquiva
Transtorno de personalidade esquizoide
Transtorno de personalidade esquizotípica
Transtorno de personalidade histriônica
Transtorno de personalidade limítrofe
Transtorno de personalidade passivo-agressiva
Transtorno dissociativo de identidade
Transtorno do déficit de atenção com hiperatividade
Transtorno do pânico
Transtorno invasivo do desenvolvimento
Transtorno invasivo do desenvolvimento sem outra especificação
Transtorno mental
Transtorno obsessivo-compulsivo
Traqueíte
Traqueomalácia
Traumatismo craniano
Traumatismo cranioencefálico
Tremor essencial
Tricoleucemia
Tricomoníase
Tricotilomania
Tricuríase
Trigonite
Trigonocefalia
Triquíase
Triquinose
Trismo
Trissomia
Trissomia 22
Trissomia 9
Trissomia X
Trombastenia de Glanzmann
Trombocitemia essencial
Trombocitopenia
Trombocitose
Trombofilia
Trombose
Trombose venosa
Trombose venosa profunda
Truncus arteriosus
Tuberculose
Tularemia
Tumor cerebral
Tumor da tiroide
Tumor de Krukenberg
Tumor de Merkel
Tumor de Pancoast
Tumor de Warthin
Tumor filóide
Tumor neuroectodérmico primitivo
Tumor ósseo
Tumor ósseo de células gigantes
Úlcera de córnea
Úlcera péptica
Unha encravada
Uremia
Uretrite
Uretrite não gonocócica
Urticária
Útero bicorno
Uveíte
Vaginismo
Vaginite
Vaginite atrófica
Vaginose bacteriana
Valvulopatia
Varicela
Varicocele
Varíola
Varíola bovina
Variz
Varizes esofágicas
Varizes gástricas
Vasa praevia
Vasculite
Verruga
Verruga genital
Vertigem posicional paroxística benigna
Violência doméstica
Vitiligo
Voyeurismo
Vulvite
Xantelasma
Xantoma
Xerodermia pigmentosa
Xeroftalmia
Xerostomia
Zoonose
Zumbido
Depressão
Doença renal
