Acebrofilina
Aceclofenaco
Aceponato de Metilprednisolona
Acetato de Atosibano
Acetato de Betametasona
Acetato de Busserrelina
Acetato de Ciproterona
Acetato de Clormadinona
Acetato de Clostebol
Acetato de Demopressina
Acetato de Dexametasona
Acetato de Fluormetolona
Acetato de Gosserrelina
Acetato de Hidrocortisona
Acetato de Leuprorrelina
Acetato de Medroxiprogesterona
Acetato de Megestrol
Acetato de Metilprednisolona
Acetato de Norestisterona
Acetato de Noretisterona
Acetato de Octreotida
Acetato de Prednisolona
Acetato de Retinol
Acetato de Terlipressina
Acetazolamida
Acetilcisteína
Acetilmetionina
Aciclovir
Acitretina
Adapaleno
Adenosina
Albendazol
Alendronato de Sódio
Alfaestradiol
Algestona Acetofenida
Alopurinol
Alprazolam
Alprostadil
Amifostina
Aminofilina
Aminoácidos
Amisulprida
Amorolfina
Amoxacilina
Amoxicilina
Amoxicilina Triidratada
Ampicilina
Ampicilina Benzatina
Ampicilina Sódica
Amprenavir
Anastrozol
Anfotericina b
Anlodipino
Antimoniato de Meglumina
Arginina
Aripiprazol
Arteméter
Artesunato Sódico
Atenolol
Atorvastatina Cálcica
Axetilcefuroxima
Azatioprina
Azitromicina Diidratada
Aztreonam
Bacitracina
Bacitracina Zíncica
Baclofeno
Benzilpenicilina Benzatina
Benzilpenicilina Potássica
Benzilpenicilina Procaína
Benzoato de Benzila
Benzoato de Rizatriptano
Benzocaína
Benzoilmetronidazol
Besilato de Amlodipina
Besilato de Anlodipino
Besilato de Atracúrio
Besilato de Cisatracúrio
Betametasona
Betaína
Bezafibrato
Bicalutamida
Bicarbonato de Sódio
Bifonazol
Bimatoprosta
Bisacodil
Bissulfato de Clopidogrel
Borato de 8-hidroxiquinolina
Bosentana
Brinzolamida
Bromazepam
Brometo de Citalopram
Brometo de Ipatrópio
Brometo de Ipratrópio
Brometo de Pinavério
Brometo de Rocurônio
Brometo de Tiotrópio
Brometo de Vecurônio
Bromidrato de Dextrometorfano
Bromidrato de Fenoterol
Bromoprida
Budesonida
Bussulfano
Butilbrometo de Escopolamina
Butirato de Hidrocortisona
Cabergolina
Cafeína
Cafeína Anidra
Calamina
Calcitonina Sintética de Salmão
Candesartana Cilexetila
Capecitabina
Caproato de Fluocortolona
Caproato de Hidroxiprogesterona
Captopril
Carbamazepina
Carbidopa
Carbocisteína
Carbonato de Lítio
Carbonato de Sódio
Carboplatina
Carboximetilcelulose Sódica
Carisoprodol
Carregenato de Doxiciclina
Carvedilol
Cefaclor Monoidratada
Cefadrozila Monoidratada
Cefalexina Monoidratada
Cefalotina Sódica
Cefazolina Sódica
Cefotaxima Sódica
Cefoxitina Sódica
Cefproxila
Ceftazidima
Ceftriaxona Dissódica
Cefuroxima Sódica
Celecoxib
Cetoconazol
Cetoprofeno
Cianocobalamina
Ciclofosfamida
Ciclopirox
Ciclopirox Olamina
Ciclosporina
Cilastatina Sódica
Cilazapril
Cilostazol
Cimetidina
Cinarizina
Cipionato de Testosterona
Ciprionato de Estradiol
Ciprofibrato
Ciprofloxacino
Cisplantina
Citarabina
Citrato de Clomifeno
Citrato de Colina
Citrato de Fentanila
Citrato de Orfenadrina
Citrato de Sildenafil
Citrato de Sufentanila
Citrato de Sódio
Citrato de Tamoxifeno
Cladribina
Claritromicina
Clavulanato de Potássio
Clindamicina
Clioquinol
Clonazepam
Clonixinato de Lisina
Clorambucila
Cloranfenicol
Cloreto de Amônio
Cloreto de Benzalcônico
Cloreto de Benzalcônio
Cloreto de Benzetônio
Cloreto de Cetilpiridíneo
Cloreto de Potássio
Cloreto de Suxametônio
Cloreto de Sódio
Cloridrato Lipossomal Peguilado de Doxorrubicina
Cloridrato Monoidratado de Ziprasidona
Cloridrato Prometazina
Cloridrato de Adifenina
Cloridrato de Alfentanila
Cloridrato de Alfuzosina
Cloridrato de Amantadina
Cloridrato de Ambroxol
Cloridrato de Amilorida
Cloridrato de Amiodarona
Cloridrato de Amitriptilina
Cloridrato de Anfepramona
Cloridrato de Azelastina
Cloridrato de Bambuterol
Cloridrato de Benazepril
Cloridrato de Benserazida
Cloridrato de Benzidamina
Cloridrato de Betaxolol
Cloridrato de Biperideno
Cloridrato de Bromexina
Cloridrato de Buflomedil
Cloridrato de Bupivacaína
Cloridrato de Bupropiona
Cloridrato de Buspirona
Cloridrato de Butenafina
Cloridrato de Cefepima
Cloridrato de Cetamina
Cloridrato de Ciclobenzaprina
Cloridrato de Ciclopentolato
Cloridrato de Cinchocaína
Cloridrato de Ciproeptadina
Cloridrato de Ciprofloxacino
Cloridrato de Climipramina
Cloridrato de Clindamicina
Cloridrato de Clobutinol
Cloridrato de Clonidina
Cloridrato de Clorpromazina
Cloridrato de Daunorrubicina
Cloridrato de Difenidramina
Cloridrato de Diltiazem
Cloridrato de Dobutamina
Cloridrato de Donezepil
Cloridrato de Dopamina
Cloridrato de Dorzolamida
Cloridrato de Doxiciclina
Cloridrato de Doxorrubicina
Cloridrato de Duloxetina
Cloridrato de Epinastina
Cloridrato de Esmolol
Cloridrato de Etambutol
Cloridrato de Etilefrina
Cloridrato de Fenazopiridina
Cloridrato de Fenilefrina
Cloridrato de Fenoxazolina
Cloridrato de Fexofenadina
Cloridrato de Fluoxetina
Cloridrato de Gencitabina
Cloridrato de Granisetrona
Cloridrato de Hidralazina
Cloridrato de Hidroxizina
Cloridrato de Idarrubicina
Cloridrato de Imipramina
Cloridrato de Irinotecana
Cloridrato de Isometepteno
Cloridrato de Lercanidipino
Cloridrato de Levamisol
Cloridrato de Levobunolol
Cloridrato de Levobupivacaína
Cloridrato de Levomepromazina
Cloridrato de Lidocaína
Cloridrato de Lincomicina
Cloridrato de Lomefloxacino
Cloridrato de Loperamida
Cloridrato de Mebeverina
Cloridrato de Meclizina
Cloridrato de Memantina
Cloridrato de Mepivacaína
Cloridrato de Metadona
Cloridrato de Metformina
Cloridrato de Metilfenidato
Cloridrato de Metoclopramida
Cloridrato de Mitoxantrona
Cloridrato de Moxifloxacino
Cloridrato de Nafazolina
Cloridrato de Nalbufina
Cloridrato de Naloxona
Cloridrato de Noratriptano
Cloridrato de Nortriptilina
Cloridrato de Olopatadina
Cloridrato de Ondansetrona
Cloridrato de Oxibutinina
Cloridrato de Oxicodona
Cloridrato de Oximetazolina
Cloridrato de Oxitetraciclina
Cloridrato de Oxomemazina
Cloridrato de Paroxetina
Cloridrato de Petidina
Cloridrato de Pilocarpina
Cloridrato de Pioglitazona
Cloridrato de Piridoxina
Cloridrato de Prazosina
Cloridrato de Prilocaína
Cloridrato de Procaína
Cloridrato de Prometazina
Cloridrato de Propafenona
Cloridrato de Propranolol
Cloridrato de Pseudoefedrina
Cloridrato de Quinapril
Cloridrato de Raloxifeno
Cloridrato de Ranitidina
Cloridrato de Remifentanila
Cloridrato de Ropivacaína
Cloridrato de Sertralina
Cloridrato de Sevelamer
Cloridrato de Sibutramina
Cloridrato de Sotalol
Cloridrato de Tansulosina
Cloridrato de Terazosina
Cloridrato de Terbinafina
Cloridrato de Tetracaina
Cloridrato de Tetraciclina
Cloridrato de Tiaprida
Cloridrato de Ticlopidina
Cloridrato de Tioridazina
Cloridrato de Tizanidina
Cloridrato de Topotecano
Cloridrato de Tramadol
Cloridrato de Trazodona
Cloridrato de Valaciclovir
Cloridrato de Vancomicina
Cloridrato de Vardenafil
Cloridrato de Venlafaxina
Cloridrato de Verapamil
Cloridrato de Xilometazolina
Clorpropamida
Clortalidona
Clotimazol
Clotrimazol
Cloxazolam
Clozapina
Cobamamida
Colagenase
Colchicina
Colecalciferol
Colistimetato Sódico
Cristalina de Varfarina Sódica
Cromoglicato Dissódico
Cumarina
Cânfora
D-pantenol
Dacarbazina
Dactinomicina
Danazol
Dapsona
Decanoato de Haloperidol
Deflazacorte
Deltametrina
Deslanósido
Desloratadina
Desogestrel
Desonida
Desoximetasona
Dexametasona
Dextrano 70
Diacereína
Diazepam
Diclofenaco Colestiramina
Diclofenaco Dietilamônio
Diclofenaco Potássico
Diclofenaco Sódico
Diclofenaco de Resinato
Diclofenaco Ácido
Diclofenado Sódico
Dicloridrato de Betaistidina
Dicloridrato de Cetirizina
Dicloridrato de Flunarizina
Dicloridrato de Levocetirizina
Didrogesterona
Difosfato de Cloroquina
Digluconato de Clorexidina
Digoxina
Diisetionato de Hexamidina
Dimenidrato
Dimenidrinato
Dimeticona
Dimeticona / Simeticona
Dimeticona/simeticona
Dinitrato de Isossorbida
Diosmina
Dipiridamol
Dipirona Sódica
Dipropionato de Beclometasona
Dipropionato de Betametasona
Divalproato Sódico
Dl-metionina
Docetaxel
Docusato de Sódio
Domperidona
Doxiciclina Monoidratada
Dropropizina
Drospirenona
Ebastina
Efavirenz
Embonato de Imipramina
Enantato de Estradiol
Enantato de Noretisterona
Enflurano
Entacapona
Enxofre
Epirrubicina
Eritromicina
Ertapeném Sódico
Escina Amorfa
Esomeprazol Magnésico Triidratado
Esomeprazol Sódico
Espironolactona
Estazolam
Estearato de Eritromicina
Estradiol
Estradiol Hemihidrato
Estradiol Hemiidratado
Estriol
Etinilestradiol
Etionamida
Etofenamato
Etofibrato
Etomidato
Etonogestrel
Etoposídeo
Etoricoxib
Exemestano
Ezetimiba
Famotidina
Fanciclovir
Felipressina
Felodipina
Fenilbutazona Cálcica
Fenitoína
Fenitoína Sódica
Fenobarbital
Fenofibrato
Fenoximetilpenicilina Potássica
Fentanila
Finasterida
Fluconazol
Flumazenil
Flunitrazepam
Fluocinolona Acetonida
Fluormetolona
Fluorouracila
Flurbiprofeno
Flutamida
Flutrimazol
Fluvastatina Sódica
Folinato Cálcico
Fosfato Complexo de Tetraciclina
Fosfato Dissódico de Betametasona
Fosfato Dissódico de Dexametasona
Fosfato Sódico de Prednisolona
Fosfato de Clindamicina
Fosfato de Codeína
Fosfato de Etoposídeo
Fosfato de Fludarabina
Fosfomicina de Trometamol
Fosinopril Sódico
Fotemustina
Frutose
Fulvestranto
Fumarato de Bisoprolol
Fumarato de Cetotifeno
Fumarato de Formoterol
Fumarato de Quetiapina
Furazolidona
Furoato de Mometasona
Furosemida
Gabapentina
Gadopentetato Dimegluminico
Ganciclovir Sódico
Gatifloxacino
Genfibrozila
Gestodeno
Gestrinona
Glibenclamida
Glibenclamina
Glicerol
Gliclazida
Gliconato de Clorexidina
Glicose
Glimepirida
Glipizida
Gramicidina
Griseofulvina Ultrafina
Guaifenesina
Haloperidol
Halotano
Hemitartarato de Epinefrina
Hemitartarato de Norepinefrina
Hemitartarato de Rivastigmina
Hemitartarato de Zolpiden
Heparina Sódica
Hesperidina
Hialuronidase
Hidrobrometo de Galantamina
Hidroclorotiazida
Hidrocortisona
Hidroquinona
Hidroxiuréia
Hidróxido de Alumínio
Hidróxido de Magnésio
Hipromelose
Ibuprofeno
Ifosfamida
Imipenem
Imiquimod
Indapamida
Indometacina
Iodixanol
Iodopovidona
Iodopovidona / Iodopolivinilpirrolidona
Iopamidol
Iopramida
Irbesartana
Isoflurano
Isoniazida
Isotretinoína
Isradipina
Itraconazol
Ivermectina
Lacidipina
Lactato de Biperideno
Lactato de Milrinona
Lactulose
Lamivudina
Lamotrigina
Lansoprazol
Latanoprost
Latanoprosta
Leflunomida
Letrozol
Leucovorina Cálcica de Folinato Cálcico
Levodopa
Levofloxacino
Levofloxacino Hemiidratado
Levonogestrel
Levonorgestrel
Levotiroxina Sódica
Levógiro de Cloranfenicol
Lidocaína
Limeciclina
Linestrenol
Linezolida
Lipossomal de Anfotericina b
Lisinato de Cetoprofeno
Lisinopril
Lldocaína
Lopinavir
Loratadina
Lorazepam
Losartan Potássico
Losartana Potássica
Lovastatina
Lumefantrina
Macrogol 3350
Magaldrato
Maleato de Bronfeniramina
Maleato de Carbinoxamina
Maleato de Clorfenamina
Maleato de Clorfeniramina
Maleato de Dexclorfeniramina
Maleato de Enalapril
Maleato de Ergotamina
Maleato de Feniramina
Maleato de Flupirtina
Maleato de Levomepromazina
Maleato de Mepiramina
Maleato de Midazolam
Maleato de Rosiglitazona
Maleato de Rosiglitiazona
Maleato de Tegaserode
Maleato de Timolol
Maleato de Trimebutina
Maletato de Metilergotamina
Matricaria Chamomilla l.
Mebendazol
Meloxicam
Mentol
Mepartricina
Mercaptopurina
Meropenem
Mesalazina
Mesilato de Bromocriptina
Mesilato de Codergocrina
Mesilato de Deferoxamina
Mesilato de Diidroergotamina
Mesilato de Doxazosina
Mesilato de Fentolamina
Mesilato de Imatinib
Mesilato de Nelfinavir
Mesilato de Pergolida
Mesilato de Saquinavir
Mesna
Metilbrometo de Homatropina
Metildopa
Metilsulfato de Neostigmina
Metionina
Metotrexato
Metronidazol
Micofenolato de Mofetila
Micofenolato de Sódio
Midazolam
Minoxidil
Mirtazapina
Mitomicina c
Mitotano
Moclobemida
Modafilina
Mononitrato de Isossorbida
Montelucaste Sódico
Mucato de Isometepteno
Mupirocina
Naproxeno
Naproxeno Sódico
Nevirapina
Nicotina
Nifedipino
Nilutamida
Nimesulida
Nimodipino
Nistatina
Nitazoxanida
Nitrato de Butoconazol
Nitrato de Cério
Nitrato de Econazol
Nitrato de Fenticonazol
Nitrato de Isoconazol
Nitrato de Miconazol
Nitrato de Oxiconazol
Nitrato de Tiamina
Nitrazepam
Nitrendipino
Nitrofurantoína
Nitroglicerina
Nitroprusseto Sódico Diidratado
Nitrufural
Norelgestromina
Noretindrona
Noretisterona
Norfloxacino
Norgestimato
Norgestrel
Ocitocina
Ofloxacino
Olanzapina
Oleato de Monoetanolamina
Olmesartana Medoxomila
Omeprazol
Omeprazol Magnésico
Omeprazol Sódico
Orlistat
Oxacilina Sódica
Oxalato de Escitalopram
Oxaliplatina
Oxamniquina
Oxcarbazepina
Oxido de Zinco
Paclitaxel
Paliperidona
Palmitato de Cloranfenicol
Pamidronato Dissódico
Pamoato de Pirvínio
Pantoprazol Sódico
Paracetamol
Pemetrexede Dissódico Heptaidratado
Pentoxifilina
Pepsina
Perindopril
Permetrina
Peróxido de Benzoíla
Picossulfato Sódico Monoidratado
Picossulfato de Sódio
Pimecrolimus
Pimetixeno
Piperacilina Sódica
Piracetam
Pirazinamida
Pirenoxina Sódica
Piretanida
Piroxicam
Pivalato de Flumetasona
Pivalato de Fluocortolona
Podofilotoxina
Policarbofila Cálcica
Policresuleno
Polidocanol
Poliestirenossulfonato Cálcico
Povidona
Pramipexol
Pravastatina Sódica
Praziquantel
Prednisolona
Prednisona
Prilocaína
Progesterona
Promestrieno
Prometazina
Propatilnitrato
Propifenazona
Propiltiouracila
Propionato de Clobetasol
Propionato de Fluticasona
Propofol
Proprionato de Fluticasona
Pseudoefedrina
Rabeprazol Sódico
Raltitrexede
Ramipril
Repaglinida
Ribavirina
Rifamicina sv Sódica
Rifampicina
Riluzol
Risedronato Sódico
Risperidona
Ritonavir
Rosuvastatina Cálcina
Salbutamol
Salicilato de Bismuto Monobásico
Salicilato de Dietilamônio
Salicilato de Metila
Secnidazol
Sevoflurano
Simeticona
Sinvastatina
Sirolimo
Solução de Coaltar
Somatostatina
Subacetato de Alumínio
Succinato Monoidratado de Desvenlafaxina
Succinato Sódico de Cloranfenicol
Succinato Sódico de Hidrocortisona
Succinato Sódico de Metilprednisolona
Succinato de Doxilamina
Succinato de Metoprolol
Succinato de Sumatripano
Sulbactam
Sulbactam Sódica
Sulfadiazina
Sulfadiazina de Prata
Sulfametoxazol
Sulfasalazina
Sulfato de Abacavir
Sulfato de Amicacina
Sulfato de Atropina
Sulfato de Bleomicina
Sulfato de Efedrina
Sulfato de Gentamicina
Sulfato de Glicosamina
Sulfato de Hidroxicloroquina
Sulfato de Indinavir
Sulfato de Morfina
Sulfato de Neomicina
Sulfato de Polimixina
Sulfato de Polimixina b
Sulfato de Pseudoefedrina
Sulfato de Salbutamol
Sulfato de Terbutalina
Sulfato de Tuaminoeptano
Sulfato de Vimblastina
Sulfato de Vincristina
Sulfato de Zinco
Sulfeto de Selênio
Sulfiram
Sulpirida
Sultamicilina
Tacrolimo
Tadalafila
Tamponada de Cefalotina Sódica
Tartarato de Bismuto e Sódio
Tartarato de Brimonidina
Tartarato de Metoprolol
Tartarato de Tolterodina
Tartarato de Vinorelbina
Tazobactam Sódica
Tegafur
Teicoplanina
Telmisartana
Temozolomida
Teniposídeo
Tenoxicam
Teofilina
Terbinafina
Terconazol
Terizidona
Tetracis (2-metoxi-isobutil-isonitrila)
Tetrafluorborato de Cobre
Tiabendazol
Tiamazol
Tianfenicol
Tibolona
Ticarcilina
Tigeciclina
Tinidazol
Tiocolchicosídeo
Tioconazol
Tioguanina
Tiopental Sódico
Tirotricina
Tobramicina
Tolnaftato
Topiramato
Tosilato de Sultamicilina
Travoprosta
Tretinoína
Triancinolona Acetonida
Trimetoprima
Triptorelina
Trolamina
Trometamol Cetorolaco
Tropicamica
Troxerrutina
Undecilato de Clemizol
Uracila
Uréia
Valerato Micronizado de Estradiol
Valerato de Betametasona
Valerato de Estradiol
Valerato de Estradiol Micronizado
Valproato Sódico
Valsartana
Varfarina Sódica
Verteporfina
Vildagliptina
Voriconazol
Xinafoato de Salmeterol
Zidovudina
Zopiclona
Ácido Acetilsalicílico
Ácido Ascórbico
Ácido Azelaico
Ácido Bórico
Ácido Clavulânico
Ácido Cítrico
Ácido Fusídico
Ácido Ibandrônico
Ácido Lático
Ácido Mefenâmico
Ácido Nicotínico
Ácido Pipemídico
Ácido Poliacrílico
Ácido Salicílico
Ácido Tranexâmico
Ácido Valpróico
Ácido Zoledrônico
Ágar-ágar
Álcool Polivinílico
Óleo Mineral
Óleo de Eucalipto
