3M do BRASIL
Abbott
Aché
Actelion
Akzo Nobel
Akzo Organon
Alcon
Allergan
Antibióticos do Brasil
Apsen
Ariston
Arrow
Asta Médica
Asta Médica Oncológica
Astrazeneca
Bagó
Baldacci
Bayer
Biolab Sanus
Biosintética
Blau
Blausiegel
Boehringer Ingelheim
Brainfarma
Bristol-Myers Squibb
Casa Granado
Catarinense
Cazi Química
Cimed
Collect
Cristália
Daiichi Sankyo
Darrow
Dentsply
Eli Lilly
EMS
Eurofarma
Farmalab
Farmasa
Farmoquímica
Ferring
Fundação Oswaldo Cruz
Furp
galderma
genzime
germed
glaxosmithkline
glenmark
glicolabor
Greenpharma
Hipolabor
Hisamitsu
Hypermarcas
Hypofarma
Intendis
Janssen Cilag
Johnson & Johnson
Kley Hertz
Lab. Americano de Farmacoterapia
Lafepe
Libbs
Lifar
Lqfex
Lundbeck
Mantecorp
Medley
Mepha Invest
Merck S/A
Merck Sharp & Dohme
Merck, Sharp & Dohme
Millet Roux
Neo Química
Neoquímica
Nikkho
Novafarma
Novartis Biociências
Novo Nordisk
Nycomed
Opem
Organon
Pfizer
Pharlab
Pharmacia
Pharmascience
Prati Donaduzzi
Probem
Procter & gamble
Quiral
REM
Roche
Sandoz
Sankyo Pharma
Sanofi-Aventis
Sanval
Schering do Brasil
Schering Plough
Serono
Servier
Sigma Pharma
Silvestre
Solvay Farma
Stiefel
Teuto
TRB-pharma
UCI Farma
União Química
United Medical
Valeant
Wyeth
Zambon
Zest
Zodiac
Zurita
Bristol Myers Squibb
