ABELCET
ABILIFY
ACCUPRIL
ACICLOVIR
ACLASTA
ACNASE
ACTIVELLE
ACTONEL
ACTOS
ACULAR
ACULAR LS
ADACNE CLIN
ADALAT
ADALAT OROS
ADALAT RETARD
ADENOCARD
ADRIBLASTINA RD
ADVANTAN
ADVIL
AEROFLUX
AEROJET
AEROLIN
AEROLIN EDULITO
AFRIN
AGAROL
AGENERASE
AIRCLIN
AKINETON
AKINETON
ALBOCRESIL
ALDACTONE
ALDARA
ALDOMET
ALENIA
ALGINAC
ALIMTA
ALIVIUM
ALLEGRA
ALLEGRA D
ALPHAGAN
ALPHAGAN - P
AMARYL
AMBISOME
AMIDALIN
AMINOFILINA SANDOZ
AMOXIL
AMOXIL BD
AMPLACILINA
AMPLACILINA
AMPLATIL
AMPLICTIL
ANAFRANIL
ANANDRON
ANDROCUR
ANFERTIL
ANFORICIN B
ANGELIQ
ANGIPRESS CD
ANNITA
ANTAK
APLICAV
APRESOLINA
APROVEL
APROZIDE
ARACYTIN
ARACYTIN CS
ARAVA
ARCOXIA
ARELIX
ARIFENICOL
ARIMIDEX
AROMASIN
AROPAX
ARTREN
ARTRIL
ARTRODAR
ARTROSIL
ASALIT
ASCARIDIL
ASPIRINA
ASPIRINA BUFFERED
ASPIRINA C EFERVESCENTE
ASPIRINA PREVENT
ASPISPORT
ATACAND HCT
ATENOL
ATENSINA
ATLANSIL
ATROPION
ATROVENT
ATROVENT NASAL
AURORIX
AVADEN
AVALOX
AVANDAMET
AVANDIA
AVICIS
AZACTAM
AZELAN
AZI
AZOPT
AZULFIN
BACTRIM
BACTROBAN
BALCOR
BAMBEC
BAND-AID SPR ANTI-SÉPTICO
BAYCUTEN-N
BECLOSOL
BEDFORDALPROST
BEDFORDPOLY B
BELARA
BENALET
BENALET TSC
BENEGRIP
BENICAR
BENICAR HCT
BENICARANLO
BENZAC AC
BENZETACIL
BENZILPENICILINA POTÁSSICA
BERLISON
BEROTEC
BEROTEC 100MCG
BEROTEC 200MCG
BETAGAN
BETALOR
BETASERC
BETNOVATE
BETNOVATE N
BETNOVATE Q
BETOPTIC
BETOPTIC S
BI - PROFENID
BIAMOTIL
BIAMOTIL D
BICONCOR
BINOTAL
BIOVIR
BIOVIR
BISMU-JET
BISOLVON
BLENOXANE
BLOPRESS
BONVIVA
BREVIBLOC
BRICANYL
BRICANYL COMPOSTO
BRICANYL DURILES
BRICANYL TURBUHALER
BRONDILAT
BUDECORT AQUA
BUFEDIL
BUFFERIN CARDIO
BUSCOFEM
BUSCOPAN
BUSCOPAN COMPOSTO
BUSCOPAN PLUS
BUSONID
BUSPAR
BUTAZONA CÁLCICA
CADUET
CAELYX
CAFILISADOR
CALADRYL
CALCORT
CAMPTOSAR
CANDICORT
CANESTEN
CAPOTEN
CARBOLITIUM
CARBOLITIUM CR
CARBOPLATINA GENÉRICO
CARDIOLITE
CARDIZEM
CARDIZEM CD
CARDIZEM SR
CARDURAN XL
CARTRAX
CASODEX
CATAFLAM
CATAFLAM
CATAFLAM
CATAFLAM
CATAFLAM D
CATAFLAM DOLO
CATAFLAM EMULGEL
CEBRALAT
CEBRILIN
CECLOR
CECLOR AF
CEDILANIDE
CEDUR
CEFALIUM
CEFALIV
CEFALOTIL
CEFAMOX
CEFOXITINA SÓDICA
CEFZIL
CELANCE
CELEBRA
CELESTAMINE
CELESTAMINE
CELESTONE
CELESTONE INJETÁVEL
CELESTONE SOLUSPAN
CELLCEPT
CEPACAÍNA
CERAZETTE
CERUMIN
CESTOX
CETAZIMA
CIALIS
CICLO 21
CICLOPLEGICO
CICLOVULON
CILOXAN
CIMETIDINA
CINTILAN
CIPRAMIL
CIPRO
CIPRO HC
CIPRO SOLUÇÃO PARA INFUSÃO
CISTICID
CITALOR
CITANEST 3% OCTAPRESSIN
CLAFORAN
CLARIL
CLARIPEL
CLARIPEL ACQUAGEL
CLARITIN
CLARITIN D
CLARITROMICINA GENÉRICO
CLARVISOL
CLAVULIN
CLAVULIN BD
CLAVULIN ES
CLAVULIN IV
CLENIL
CLENIL PULVINAL
CLENIL SPR
CLIANE
CLIMENE
CLINAGEL
CLINDOXYL
CLOMID
CLONIDIN
CLORANA
CLORANFENICOL OCULUM
CLORIDRATO DE BUPIVACAÍNA
CLORIDRATO DE BUPIVACAÍNA HIPERBÁRICA
CLORIDRATO DE CLOBUTINOL + SUCCINATO DE DOXILAMINA
CLOROQUINA
CO-RENITEC
COARTEM
COBAVITAL
CODATEN
COLCHIS
COLIS-TEK
COLOMYCIN
COLPISTATIN
COLPOTROFINE
COLTRAX
COLÍRIO MOURA BRASIL
COMBIGAN
COMBIVENT
CONCERTA
CONCOR
CONTAM
CORDAREX
COREG
CORISTINA D
CORTISONAL
CORUS
COSMEGEN
COSOPT
COUMADIN
COVERSYL
COVERSYL PLUS
COZAAR
CREMFENERGAN
CRESTOR
CRINONE
CRIXIVAN
CROMOLERG OCULUM
CRONOMET
CURATIV
CYCLOFEMINA
CYMBALTA
CYMEVENE
DACARB
DAFLON 500
DAFORIN
DAKTARIN
DALACIN C
DALACIN C INJETÁVEL
DALACIN T
DALACIN V
DALSY
DAONIL
DAUNOBLASTINA
DDAVP
DECADRON
DECADRON
DECADRON COLÍRIO
DECADRON NASAL
DEFLANIL
DEPAKENE
DEPAKENE
DEPAKOTE
DEPAKOTE ER
DEPAKOTE SPRINKLE
DEPO MEDROL
DEPO-PROVERA
DEPOSTERON
DERMACERIUM
DERMAZINE
DERMODEX
DERMOMAX
DESALEX
DESFERAL
DESONOL
DETRUSITOL
DETRUSITOL LA
DEXASON
DIABINESE
DIAMICRON MR
DIAMOX
DIANE 35
DIAZEPAM
DICETEL
DIFFERIN
DIGEDRAT
DIGEPLUS
DIGESAN
DIGESAN RETARD
DIGOXINA
DILACORON
DILENA
DIMETAPP (ELX)
DIMETAPP (GELCAPS)
DIMETAPP (GOTAS)
DIMETROSE
DIMORF
DIMORF LC
DINAFLEX
DIOVAN
DIOVAN AMLO
DIOVAN AMLO FIX
DIOVAN HCT
DIPRIVAN
DIPROGENTA
DIPROSALIC
DIPROSONE
DIPROSPAN / DIPROSPAN HYPAK
DOBUTREX
DOLAMIN FLEX
DOLANTINA
DONAREN
DOPACRIS
DORFLEX
DORIL
DORMONID
DORMONID
DOSTINEX
DRAMIN
DRAMIN B6
DRAMIN B6 DL
DULCOLAX
DUOVENT
DUPHASTON
DUROGESIC
DUROGESIC D-TRANS
DUSPATALIN
EBASTEL D
EBIX
EFEDRIN
EFEXOR XR
EFORTIL
ELIDEL
ELOCOM
ELOXATIN
EMLA
ENDRONAX
EPITEZAN
EPIVIR
EPOCLER
EQUILID
ERANZ
ERGOTRATE
ERITRAM
ERITREX
EROWGLIZ
ERRADIC
ERRADIC U.G.
ESCABIN
ESMERON
ESPERSON
ESPERSON N
ESTALIS
ESTALIS SQ
ESTOMAZIL
ESTRAGEST TTS
ESTROFEM
ETHAMOLIN
ETHYOL
ETRANE
EULEXIN
EUPRESSIN
EVANOR
EVISTA
EVRA
EXCEDRIN
EXELON
EXLUTON
EZETROL
FAMOX
FANCLOMAX
FARMANGUINHOS - ETIONAMIDA
FARMORRUBICINA CS
FARMORRUBICINA RD
FASLODEX
FAULBLASTINA
FAULDCISPLA
FAULDOXO
FAULDPAMI
FELDENE
FELDENE SL
FEMARA
FEMIANE
FEMOSTON
FEMOSTON CONTI
FENERGAN
FENTANIL
FENTIZOL
FERID
FLAGASS BABY
FLAGYL
FLAGYL
FLAGYL GINECOLÓGICO
FLAGYL NISTATINA
FLANAX
FLATEX
FLIXONASE
FLIXOTIDE
FLODIN DUO
FLOGORAL
FLORATE
FLOTAC
FLOXACIN
FLOXICAM
FLUDARA
FLUIMUCIL
FLUMEX
FLUOROURACILA GENÉRICO
FOLDAN
FONTOL
FORADIL
FORANE
FORASEQ
FORTAZ
FOSAMAX
FOSAMAX D
FRADEMICINA
FRESH TEARS
FRESH TEARS LIQUIGEL
FRONTAL
FRONTAL XR
FURACIN
FURP - CEFALEXINA
FURP - DAPSONA
FURP - ETAMBUTOL
FURP - PIRAZINAMIDA
FURP- RIFAMPICINA
FURP-ERITROMICINA
FURP-ISONIAZIDA
FURP-ISONIAZIDA + RIFAMPICINA
GALVUS
GALVUS MET COMBI-PACK
GARAMICINA
GARASONE
GARDENAL
GASTROX
GELOL
GELUSIL
GEMZAR
GENUXAL
GEODON
GESTADINONA
GIARLAM
GINO CANESTEN
GINO-DERMAZINE
GINO-LOPROX
GINO-PLETIL
GINO-TRALEN
GLIFAGE
GLIFAGE XR
GLITISOL
GLIVEC
GLUCANTIME
GLUCOVANCE
GLYPRESSIN
GRACIAL
GUTTALAX
GYNAZOLE-1
GYNO-FUNGIX
GYNO-ICADEN
HALDOL
HALDOL DECANOATO
HEXOMEDINE
HIDANTAL
HIDANTAL
HIGROTON
HIPOFAGIN S
HOLOXANE
HORMODOSE
HUMECTOL D
HYCAMTIN
HYDERGINE
HYDREA
HYPNOMIDATE
HYPONOR
HYTRIN
HYZAAR
ICADEN
IMIGRAN
IMOSEC
IMOVANE
IMPLANON
IMURAN
INDOCID
INJEFLEX
INTAL
INVANZ
INVEGA
INVIRASE
IONIL T
IOPAMIRON
IRUXOL
ISORDIL
ISOTREX
ISOTREXIN
KALETRA
KALLOPLAST
KATADOLON
KEFAZOL
KEFLAXINA
KEFLEX
KEFLIN NEUTRO
KEFORAL
KETAMIN
KLARICID
KLARICID UD
KLARITRIL
KWELL
KYTRIL
LABIRIN
LABORIODINE
LABORIODINE DEGERMANTE
LACIPIL
LACRIMA PLUS
LACTULONA
LADOGAL
LAFEPE-LAMIVUDINA
LAFEPE-ZIDOVUDINA
LAMICTAL
LAMISIL
LAMISIL
LANEXAT
LANVIS
LASIX
LEGIFOL CS
LEPONEX
LESCOL
LESCOL XL
LEUKERAN
LEUSTATIN
LEVAQUIM
LEVAQUIN
LEVEL
LEVITRA
LEVOFLOXACINO GENÉRICO
LEXAPRO
LEXOTAN
LIBIAN
LIDOSPORIN
LIORESAL
LIPANON
LIPIDIL
LISADOR
LISODREN
LIVIAL
LOCERYL
LOCOID
LOCORTEN VIOFÓRMIO
LOMIR
LONITEN
LOPID
LOPRESSOR
LOPRIL D
LOPROX
LOPROX NL
LORAX
LOSEC MUPS
LOTAR
LOTENSIN
LOTENSIN H
LOVASTATINA
LUFTAL
LUFTAL MAX
LUMIGAN
LUPRON
LUPRON DEPOT
MAALOX PLUS
MACRODANTINA
MAGNEVISTAN
MANSIL
MANTIDAN
MARCLOHREX
MAREVAN
MAXALT
MAXAQUIN
MAXCEF
MAXIDEX
MAXITROL
MECLIN
MEGESTAT
MELLERIL
MEPIVALEM 3%
MERCILON
MERICOMB
MERIGEST
MERIMONO
MEROMAX
MERONEM IV
MERTHIOLATE
MESACOL
MESIGYNA
MESILATO DE DOXAZOSINA
METHERGIN
METICORTEN
METRI
MIACALCIC
MIANTREX CS
MICARDIS
MICARDIS HCT
MICETAL
MICOSTATIN
MICOSTYL
MICRODIOL
MICRONOR
MINESSE
MINIDIAB
MINIPRESS SR
MINOTON
MINULET
MIOSAN
MIRENA
MIRTAZAPINA
MITEXAN
MITICOÇAN
MITOCIN
MITOSTATE
MODURETIC
MONOCORDIL
MONOPRIL
MONURIL
MOTILIUM
MOTRIM
MOVATEC
MUCOLIN
MUCOLITIC
MUCOSOLVAN
MUPHORAN
MURICALM
MUVINLAX
MUVINOR
MYCOSPOR
MYDRIACYL
MYFORTIC
MYLANTA PLUS
MYLERAN
MYTEDOM
NALDECON
NALDECON
NALDECON DIA
NAPRIX A
NAPRIX D
NAPROSYN
NARAMIG
NARCAN
NARCAN NEONATAL
NARIDRIN
NAROPIN
NASACORT
NASONEX
NATRILIX
NATRILIX SR
NAVELBINE
NEBACETIN
NECAMIN
NEDAX
NENÊ DENT N
NEO DECAPEPTYL
NEODEX
NEOSALDINA
NEOSALDINA
NEOTIGASON
NEOVERMIN
NEOVLAR
NEOZINE
NEOZINE
NEURONTIN
NEXCARE
NEXIUM
NEXIUM IV
NEXVEP
NICORETTE
NIMBIUM
NIMOTOP
NIQUITIN
NISULID
NITRATO DE MICONAZOL
NITRENCORD
NITRODERM TTS
NITROPRUS
NIZORAL
NOCTAL
NOLVADEX
NOLVADEX D
NOOTROPIL
NORDETTE
NORVASC
NORVIR
NOVABUPI C/ VASO CONSTRICTOR
NOVACORT
NOVALGINA
NOVAMIN
NOVONORM
NUBAIN
NUTRAPLUS
OCERAL
OCUFEN
OFLOX
OLCADIL
OMCILON-A ORABASE
OMCILON-A “M”
OMEPRAZOL GENÉRICO
ONCOVIN
OPTACILIN
OROXADIN
OTOSPORIN
OTOSYNALAR
OTRIVINA
OVESTRION
OXACILINA SÓDICA
OXCORD
OXYCONTIN
PAMELOR
PAMIDRONATO DISSÓDICO
PANTELMIN
PANTOZOL
PARAPLATIN
PARASIMED
PARCEL
PARENZYME TETRACICLINA
PARIET
PARLODEL
PAST CEPACOL
PATANOL
PAXIL CR
PEN-VE -ORAL
PENTASA
PENTASA ENEMA
PENVIR
PEPRAZOL
PEPSAMAR
PEPTO BISMOL
PERLUTAN
PERSATIN
PILOCARPINA
PIPUROL
PLAMET
PLAQUINOL
PLASIL
PLASMOTRIM
PLATIRAN
PLAVIX
PLETIL
POLARAMINE
POLARAMINE EXPECTORANTE
POLIGINAX
POLVILHO ANTI-SÉPTICCO GRANADO
PONDERA
PONSTAN
POSTEC
POSTINOR
POSTINOR UNO
PRAVACOL
PRAZOL
PRED FORT
PRED MILD
PREDNISOLON
PREDSIM
PREFEST
PRELONE
PRELONE
PREVENCOR
PRIMACOR
PRIMOSISTON
PRINZIDE
PRISTIQ
PROCIMAX
PROCTYL
PROFENID
PROFENID ENTÉRICO
PROFENID IM
PROFENID IV
PROFENID RETARD
PROFLAM
PROGRAF
PROLOPA
PROLOPA HBS
PROPECIA
PROPIL
PROPRANOLOL
PROSCAR
PROSTAVASIN
PROSTIGMINE
PROTOPIC
PROVERA
PROZAC
PROZAC DURAPAC
PRURIZIN
PSOREX
PULMICORT
PURAN T4
PURINETHOL
PYLORIPAC
PYR-PAM
PYRIDIUM
QUADRIDERM
QUEMICETINA
QUEMICETINA XAROPE
RAPAMUNE
RAPIFEN
REBATEN LA
REDUCTIL
REFRESH
REGAINE
REMERON SOLTAB
REMINYL
REMINYL ER
RENAGEL
RENITEC
REPARIL
RESFEDRYL
RESFENOL
RESTASIS
RETEMIC
RETEMIC UD
REVECTINA
RIBAVIRIN
RIFOCINA
RILUTEK
RINIGRAN
RINO-LASTIN
RINOFLUIMUCIL
RIOPAN
RIOPAN PLUS
RISELLE
RISPERDAL
RITALINA
RITALINA LA
RITMONORM
RIVOTRIL
ROACUTAN
ROCEFIN
ROHYPNOL
RUBIDEX
RUPAFIN
SALONPAS
SANDIMMUN
SANDIMMUN NEORAL
SANDOSTATIN
SANDOSTATIN LAR
SANDRENA
SARIDON
SECNIDAL
SECOTEX
SELOPRESS ZOK
SELOZOK
SELSUN OURO
SEPTOPAL
SERETIDE DISKUS
SERETIDE SPR
SEROQUEL
SEVORANE
SIFROL
SINEMET
SINERGEN
SINGULAIR
SINGULAIR BABY
SINVASTACOR
SIRDALUD
SOCIAN
SOLU-MEDROL
SONEBON
SONRIDOR
SONRIDOR CAF
SORCAL
SORINE
SOTACOR
SPIDUFEN
SPIRIVA
SPLENDIL
SPORANOX
SPOROSTATIN
STAFICILIN N
STALEVO
STAVIGILE
STIEFCORTIL
STIEMYCIN
STILAMIN
STILL
STILNOX
STOCRIN
STUGERON
SUCCINIL COLIN
SUFENTA
SULADRIN
SULFATO DE NEOMICINA
SULPAN
SUMAX
SUPRAFACT DEPOT
SUSTRATE
SYLADOR
SYMBICORT TURBUHALER
SYNTOCINON
SYSTEN
TAGAMET
TALERC
TALSUTIN
TANDRILAX
TANOHALO
TAPAZOL
TARGOCID
TAVANIC
TAXOL
TAXOTERE
TAZOCIN
TECNOCARB
TECNOCRIS
TECNOVORIN
TEFIN
TEGRETOL
TEGRETOL CR DIVITABS
TEMODAL
TENADREN
TENORETIC
TENOXICAM - GENÉRICO
TEOLONG
TERBUTIL
TERIZIDEX
TERRA CORTRIL
TERRAMICINA
TERRAMICINA
TERRAMICINA COM SULFATO DE POLIMIXINA B
TETMOSOL
TETRACILIL
TETRALYSAL
TETREX
THIABEN
THIOPENTAX
TIAPRIDAL
TICLID
TIENAM
TILATIL
TIMENTIN
TIMEOLATE
TIMOPTOL
TOBI
TOBRADEX
TOBREX
TOFRANIL
TOFRANIL PAMOATO
TOLREST
TOMUDEX
TONOPAN
TOPAMAX
TOPLEXIL ADULTO
TOPLEXIL PEDIÁTRICO
TORAGESIC
TRACLEER
TRACRIUM
TRACTOCILE
TRALEN
TRAMAL
TRAMAL RETARD
TRANSAMIN
TRANSPULMIN XAROPE INFANTIL
TRAVATAN
TRENTAL
TRENTAL VERT
TRI-LUMA
TRIATEC
TRIATEC D
TRIATEC PREVENT
TRICANGINE-A
TRICEROL
TRIDIL
TRIFAMOX IBL
TRIFAMOX IBL BD
TRILEPTAL
TRIMEDAL TOSSE
TRIQUILAR
TRISEQUENS
TRISORB
TROFODERMIN
TRUSOPT
TRYPTANOL
TYGACIL
TYLENOL
TYLENOL AP
TYLENOL BEBÊ
TYLENOL CRIANÇA
TYLENOL GELCAPS
TYLENOL GOTAS
TYLENOL SINUS
TYLEX
UFT
ULTIVA
ULTRACET
ULTRAPROCT
ULTRAVIST
UNASYN
UNASYN
UNASYN
UNIFENOBARB
UNOPROST
UREADIN
UTROGESTAN
VALIUM
VALTREX
VANCOCINA CP
VASCASE
VECURON
VELAMOX
VELBAN
VENALOT
VENALOT H
VEPESID
VERTIX
VERUTEX
VERUTEX B
VFEND
VIAGRA
VIBRAL
VIBRAMICINA
VIBRAMICINA
VIBRAMICINA
VICK PYRENA
VICK VAPORUB
VIGAMED
VIGAMOX
VIOFÓRMIO HIDROCORTISONA
VIRACEPT
VIRAMUNE
VISCOTEARS
VISIPAQUE
VISUDYNE
VITANOL A
VODOL
VOLTAREN
VOLTAREN COLÍRIO
VOLTAREN EMULGEL
VOLTAREN RETARD
VOLTAREN SR
VONAU
VUMON
VYTORIN
WARTEC
WELLBUTRIN SR
WYCILLIN R
XALACON
XALATAN
XANTINON COMPLEX
XAROPE VICK
XAROPE VICK MEL
XATRAL OD
XELODA
XENICAL
XYLESTESIN 2% COM VASOCONSTRITOR
XYLESTESIN SEM VASOCONSTRITOR
XYLOCAÍNA GELÉIA
XYLOCAÍNA POMD
XYLOCAÍNA SPR
XYLOPROCT
YASMIN
YAZ
ZADITEN
ZANIDIP
ZAVEDOS
ZELMAC
ZENTEL
ZESTRIL
ZIAGENAVIR
ZINACEF
ZINNAT
ZITROMAX
ZOCOR
ZOFRAN
ZOLADEX
ZOLADEX LA
ZOLOFT
ZOLTEC
ZOMETA
ZOVIRAX
ZYBAN
ZYLORIC
ZYMAR
ZYPREXA
ZYPREXA ZYDIS
ZYRTEC
ZYRTEC D
ZYVOX
ZYXEM
