Abdômen agudo
Abulia
Afasia
Agnosia
Agrafia
Alexitimia
Alucinação
Ambivalência
Amenorreia
Amnésia
Anasarca
Anedonia
Anorexia (sintoma)
Ansiedade
Arroto
Ascite
Asfixia
Astenia
Ataxia
Aura (medicina)
Autofobia
Azotemia
Bradicardia
Bruit
Cãibra
Caquexia
Cataplexia
Cefaleia
Cianose
Claudicação intermitente
Cólica
Convulsão
Coprolalia
Crise psicogênica não-epilética
Delírio (juízo)
Desidratação
Diarreia
Diplopia
Disartria
Discinesia tardia
Disdiadococinesia
Disestesia
Disfagia
Disgeusia
Dispepsia
Dispneia
Dispneia paroxística noturna
Disúria
Dor torácica
Dorsalgia
Emese
Encoprese
Engasgo
Epistaxe
Eritema
Espasmo
Espirro
Esplenomegalia
Estomatite
Estridor
Fadiga (medicina)
Faringite
Fasciculação
Febre
Flatulência
Galactorreia
Halitose
Hematemese
Hemiplegia
Hemoptise
Hepatoesplenomegalia
Hepatomegalia
Hiperestesia
Hiperreflexia
Hipertensão arterial
Hiperventilação
Hipotonia
Hipoventilação
Histeria
Incontinência fecal
Incontinência urinária
Irritabilidade
Leucoplasia pilosa
Melena
Meningismo
Mialgia
Mitomania
Monoartrite
Náusea
Nevralgia
Noctúria
Olheira
Oligúria
Ortopneia
Palidez
Palpitação
Parada respiratória
Parageusia
Paralisia
Parestesia
Parosmia
Perda de peso
Petéquia
Pirose
Pleurisia
Polidipsia
Poliúria
Prisão de ventre
Prurido
Prurido anal
Remela
Respiração de Cheyne-Stokes
Respiração pela boca
Retenção urinária
Rinorreia
Ronco
Síncope (medicina)
Sintoma
Soluço
Sons cardíacos
Sopro cardíaco
Sputa
Suor
Taquicardia
Taquipneia
Tenesmo vesical
Tetania (sinal médico)
Timidez
Tique
Tontura
Tosse
Transtorno de personalidade passivo-agressiva
Tremor
Uremia
Vertigem
Xerostomia
